# Tests for the handling of duplicates in graphs.

# Create a graph
created graph graph1
created graph graph2

# Add nodes to graph
added node n1 to graph1
added node n1 to graph1

added node n2 to graph2
added node n2 to graph2
added node n2 to graph2

# Print the nodes in the graphs
graph1 contains: n1
graph2 contains: n2